// Jest Snapshot v1, https://goo.gl/fbAQLP

exports[`Do payment to PA(s) with FSP: Nedbank when create order API call gives a valid response should fail pay-out when debitor account number is missing 1`] = `"Errors: Request Validation Error - TPP account configuration mismatch (Message: NB.APIM.Field.Invalid, Code: NB.APIM.Field.Invalid, Id: 1d3e3076-9e1c-4933-aa7f-69290941ec70)"`;

exports[`Do payment to PA(s) with FSP: Nedbank when create order API call gives a valid response should fail pay-out when we make a payment with a payment amount of over 5000 1`] = `"Errors: Request Validation Error - Instructed amount is invalid (Message: NB.APIM.Field.Invalid, Code: NB.APIM.Field.Invalid, Id: 1d3e3076-9e1c-4933-aa7f-69290941ec70)"`;
